[2025-06-13T18:32:21.550187+00:00] tracability.INFO: El usuario cliente@gmail.com ha cerrado sesión, Fecha: 2025-06-13 18:32:21 {"usuario":"cliente@gmail.com","fecha":"2025-06-13 18:32:21"} []
[2025-06-13T18:32:24.617453+00:00] tracability.INFO: Inicio de sesión de cliente@gmail.com, Fecha: 2025-06-13 18:32:24 {"usuario":"cliente@gmail.com","fecha":"2025-06-13 18:32:24"} []
[2025-06-13T18:32:44.368875+00:00] tracability.INFO: El usuario cliente@gmail.com ha cerrado sesión, Fecha: 2025-06-13 18:32:44 {"usuario":"cliente@gmail.com","fecha":"2025-06-13 18:32:44"} []
[2025-06-13T18:32:47.822687+00:00] tracability.INFO: Inicio de sesión de planficador@gmail.com, Fecha: 2025-06-13 18:32:47 {"usuario":"planficador@gmail.com","fecha":"2025-06-13 18:32:47"} []
[2025-06-13T18:33:25.035043+00:00] tracability.INFO: El usuario planficador@gmail.com ha cerrado sesión, Fecha: 2025-06-13 18:33:25 {"usuario":"planficador@gmail.com","fecha":"2025-06-13 18:33:25"} []
[2025-06-13T18:33:29.640225+00:00] tracability.INFO: Inicio de sesión de manager@gmail.com, Fecha: 2025-06-13 18:33:29 {"usuario":"manager@gmail.com","fecha":"2025-06-13 18:33:29"} []
[2025-06-15T15:35:00.931328+00:00] tracability.INFO: Inicio de sesión de planficador@gmail.com, Fecha: 2025-06-15 15:35:00 {"usuario":"planficador@gmail.com","fecha":"2025-06-15 15:35:00"} []
[2025-06-15T15:48:32.223448+00:00] tracability.INFO: El usuario planficador@gmail.com ha cerrado sesión, Fecha: 2025-06-15 15:48:32 {"usuario":"planficador@gmail.com","fecha":"2025-06-15 15:48:32"} []
[2025-06-15T15:49:03.988636+00:00] tracability.INFO: Inicio de sesión de cliente@gmail.com, Fecha: 2025-06-15 15:49:03 {"usuario":"cliente@gmail.com","fecha":"2025-06-15 15:49:03"} []
[2025-06-15T16:09:23.191371+00:00] tracability.INFO: El usuario cliente@gmail.com ha cerrado sesión, Fecha: 2025-06-15 16:09:23 {"usuario":"cliente@gmail.com","fecha":"2025-06-15 16:09:23"} []
[2025-06-15T16:09:37.774944+00:00] tracability.INFO: Inicio de sesión de planficador@gmail.com, Fecha: 2025-06-15 16:09:37 {"usuario":"planficador@gmail.com","fecha":"2025-06-15 16:09:37"} []
[2025-06-15T16:28:49.672782+00:00] tracability.INFO: El usuario planficador@gmail.com ha cerrado sesión, Fecha: 2025-06-15 16:28:49 {"usuario":"planficador@gmail.com","fecha":"2025-06-15 16:28:49"} []
[2025-06-15T16:29:01.910306+00:00] tracability.INFO: Inicio de sesión de admin2@gmail.com, Fecha: 2025-06-15 16:29:01 {"usuario":"admin2@gmail.com","fecha":"2025-06-15 16:29:01"} []
[2025-06-15T16:30:07.021730+00:00] tracability.INFO: El usuario admin2@gmail.com ha cerrado sesión, Fecha: 2025-06-15 16:30:07 {"usuario":"admin2@gmail.com","fecha":"2025-06-15 16:30:07"} []
[2025-06-15T16:30:24.683227+00:00] tracability.INFO: Inicio de sesión de david@gmail.com, Fecha: 2025-06-15 16:30:24 {"usuario":"david@gmail.com","fecha":"2025-06-15 16:30:24"} []
[2025-06-15T16:30:30.168361+00:00] tracability.INFO: El usuario david@gmail.com ha cerrado sesión, Fecha: 2025-06-15 16:30:30 {"usuario":"david@gmail.com","fecha":"2025-06-15 16:30:30"} []
[2025-06-15T16:30:33.736113+00:00] tracability.INFO: Inicio de sesión de pacoConductor@gmail.com, Fecha: 2025-06-15 16:30:33 {"usuario":"pacoConductor@gmail.com","fecha":"2025-06-15 16:30:33"} []
[2025-06-15T16:32:50.176924+00:00] tracability.INFO: El usuario pacoConductor@gmail.com ha cerrado sesión, Fecha: 2025-06-15 16:32:50 {"usuario":"pacoConductor@gmail.com","fecha":"2025-06-15 16:32:50"} []
[2025-06-15T16:32:58.398965+00:00] tracability.INFO: Inicio de sesión de planficador@gmail.com, Fecha: 2025-06-15 16:32:58 {"usuario":"planficador@gmail.com","fecha":"2025-06-15 16:32:58"} []
[2025-06-15T16:40:55.159465+00:00] tracability.INFO: El usuario planficador@gmail.com ha cerrado sesión, Fecha: 2025-06-15 16:40:55 {"usuario":"planficador@gmail.com","fecha":"2025-06-15 16:40:55"} []
[2025-06-15T16:43:41.603309+00:00] tracability.INFO: Inicio de sesión de david@gmail.com, Fecha: 2025-06-15 16:43:41 {"usuario":"david@gmail.com","fecha":"2025-06-15 16:43:41"} []
[2025-06-15T16:49:21.823631+00:00] tracability.INFO: El usuario david@gmail.com ha cerrado sesión, Fecha: 2025-06-15 16:49:21 {"usuario":"david@gmail.com","fecha":"2025-06-15 16:49:21"} []
[2025-06-15T16:49:26.155508+00:00] tracability.INFO: Inicio de sesión de planficador@gmail.com, Fecha: 2025-06-15 16:49:26 {"usuario":"planficador@gmail.com","fecha":"2025-06-15 16:49:26"} []
[2025-06-15T16:55:51.697543+00:00] tracability.INFO: El usuario planficador@gmail.com ha cerrado sesión, Fecha: 2025-06-15 16:55:51 {"usuario":"planficador@gmail.com","fecha":"2025-06-15 16:55:51"} []
[2025-06-15T16:55:59.040696+00:00] tracability.INFO: Inicio de sesión de cliente@gmail.com, Fecha: 2025-06-15 16:55:59 {"usuario":"cliente@gmail.com","fecha":"2025-06-15 16:55:59"} []
[2025-06-15T17:01:58.812303+00:00] tracability.INFO: El usuario cliente@gmail.com ha cerrado sesión, Fecha: 2025-06-15 17:01:58 {"usuario":"cliente@gmail.com","fecha":"2025-06-15 17:01:58"} []
[2025-06-15T17:02:03.320784+00:00] tracability.INFO: Inicio de sesión de manager@gmail.com, Fecha: 2025-06-15 17:02:03 {"usuario":"manager@gmail.com","fecha":"2025-06-15 17:02:03"} []
[2025-06-15T17:53:14.696541+00:00] tracability.INFO: El usuario manager@gmail.com ha cerrado sesión, Fecha: 2025-06-15 17:53:14 {"usuario":"manager@gmail.com","fecha":"2025-06-15 17:53:14"} []
[2025-06-15T17:53:18.689381+00:00] tracability.INFO: Inicio de sesión de planficador@gmail.com, Fecha: 2025-06-15 17:53:18 {"usuario":"planficador@gmail.com","fecha":"2025-06-15 17:53:18"} []
[2025-06-16T11:38:45.314377+00:00] tracability.INFO: El usuario planficador@gmail.com ha cerrado sesión, Fecha: 2025-06-16 11:38:45 {"usuario":"planficador@gmail.com","fecha":"2025-06-16 11:38:45"} []
[2025-06-16T11:56:46.352713+00:00] tracability.INFO: Inicio de sesión de cliente@gmail.com, Fecha: 2025-06-16 11:56:46 {"usuario":"cliente@gmail.com","fecha":"2025-06-16 11:56:46"} []
[2025-06-16T13:30:48.769627+00:00] tracability.INFO: Inicio de sesión de cliente@gmail.com, Fecha: 2025-06-16 13:30:48 {"usuario":"cliente@gmail.com","fecha":"2025-06-16 13:30:48"} []
[2025-06-16T13:32:37.771550+00:00] tracability.INFO: El usuario cliente@gmail.com ha cerrado sesión, Fecha: 2025-06-16 13:32:37 {"usuario":"cliente@gmail.com","fecha":"2025-06-16 13:32:37"} []
[2025-06-16T13:32:42.783234+00:00] tracability.INFO: Inicio de sesión de planficador@gmail.com, Fecha: 2025-06-16 13:32:42 {"usuario":"planficador@gmail.com","fecha":"2025-06-16 13:32:42"} []
[2025-06-16T13:41:50.776359+00:00] tracability.INFO: El usuario planficador@gmail.com ha cerrado sesión, Fecha: 2025-06-16 13:41:50 {"usuario":"planficador@gmail.com","fecha":"2025-06-16 13:41:50"} []
[2025-06-16T13:41:57.437466+00:00] tracability.INFO: Inicio de sesión de david@gmail.com, Fecha: 2025-06-16 13:41:57 {"usuario":"david@gmail.com","fecha":"2025-06-16 13:41:57"} []
[2025-06-16T13:42:52.565227+00:00] tracability.INFO: El usuario david@gmail.com ha cerrado sesión, Fecha: 2025-06-16 13:42:52 {"usuario":"david@gmail.com","fecha":"2025-06-16 13:42:52"} []
[2025-06-16T13:42:58.070742+00:00] tracability.INFO: Inicio de sesión de joseConductor@gmail.com, Fecha: 2025-06-16 13:42:58 {"usuario":"joseConductor@gmail.com","fecha":"2025-06-16 13:42:58"} []
[2025-06-16T13:46:19.026633+00:00] tracability.INFO: El usuario joseConductor@gmail.com ha cerrado sesión, Fecha: 2025-06-16 13:46:19 {"usuario":"joseConductor@gmail.com","fecha":"2025-06-16 13:46:19"} []
[2025-06-16T13:46:26.564542+00:00] tracability.INFO: Inicio de sesión de manager@gmail.com, Fecha: 2025-06-16 13:46:26 {"usuario":"manager@gmail.com","fecha":"2025-06-16 13:46:26"} []
[2025-06-16T13:48:50.426403+00:00] tracability.INFO: El usuario manager@gmail.com ha cerrado sesión, Fecha: 2025-06-16 13:48:50 {"usuario":"manager@gmail.com","fecha":"2025-06-16 13:48:50"} []
[2025-06-16T13:48:54.693674+00:00] tracability.INFO: Inicio de sesión de admin2@gmail.com, Fecha: 2025-06-16 13:48:54 {"usuario":"admin2@gmail.com","fecha":"2025-06-16 13:48:54"} []
[2025-06-16T14:31:59.021321+00:00] tracability.INFO: El usuario admin2@gmail.com ha cerrado sesión, Fecha: 2025-06-16 14:31:59 {"usuario":"admin2@gmail.com","fecha":"2025-06-16 14:31:59"} []
[2025-06-16T14:32:03.647477+00:00] tracability.INFO: Inicio de sesión de planficador@gmail.com, Fecha: 2025-06-16 14:32:03 {"usuario":"planficador@gmail.com","fecha":"2025-06-16 14:32:03"} []
